// Vitest Snapshot v1, https://vitest.dev/guide/snapshot.html

exports[`transpiles TypeScript class expressions 1`] = `
"class Foo {
}
"
`;

exports[`transpiles TypeScript expressions 1`] = `"(1 + 2)"`;

exports[`transpiles TypeScript expressions 2`] = `"(1, 2)"`;

exports[`transpiles TypeScript expressions 3`] = `"(1, 2)"`;

exports[`transpiles TypeScript expressions 4`] = `"((1), (2))"`;

exports[`transpiles TypeScript expressions 5`] = `"((1 + 2))"`;

exports[`transpiles TypeScript expressions 6`] = `"({ x: 42 })"`;

exports[`transpiles TypeScript expressions 7`] = `"(({ x: 42 }))"`;

exports[`transpiles TypeScript function expressions 1`] = `
"function foo() { }
"
`;

exports[`transpiles TypeScript imports 1`] = `
"import { foo } from "npm:bar";
"
`;

exports[`transpiles TypeScript imports 2`] = `""`;

exports[`transpiles TypeScript statements 1`] = `
"1 + 2;
"
`;

exports[`transpiles TypeScript statements 2`] = `
"1, 2;
"
`;

exports[`transpiles TypeScript statements 3`] = `
"(1), (2);
"
`;

exports[`transpiles TypeScript statements 4`] = `
"(1 + 2);
"
`;

exports[`transpiles TypeScript statements 5`] = `
"{
    x: 42;
}
;
"
`;

exports[`transpiles TypeScript statements 6`] = `
"({ x: 42 });
"
`;
